<html>
<body>
<pre>
<h1>µVision Build Log</h1>
<h2>Project:</h2>
D:\GitHub\stm32gps\Project\stm32gps\MDK-ARM\stm32gps.uvproj
Project File Date:  11/01/2014

<h2>Output:</h2>
Build target 'Debug'
compiling main.c...
compiling stm32f10x_it.c...
compiling stm32gps_config.c...
linking...
Program Size: Code=8060 RO-data=408 RW-data=100 ZI-data=3156  
".\STM32GPS\stm32gps.axf" - 0 Error(s), 0 Warning(s).
Load "D:\\GitHub\\stm32gps\\Project\\stm32gps\\MDK-ARM\\STM32GPS\\stm32gps.AXF" 
* JLink Info: Device "STM32F103RC" selected (256 KB flash, 48 KB RAM).
Set JLink Project File to "D:\GitHub\stm32gps\Project\stm32gps\MDK-ARM\JLinkSettings.ini"
 
JLink info:
------------
DLL: V4.90d, compiled Aug 29 2014 14:49:16
Firmware: J-Link ARM V8 compiled Jul 17 2014 12:31:18
Hardware: V8.00
S/N : 304230680 
Feature(s) : RDI,FlashDL,FlashBP,JFlash,GDBFULL 
 
* JLink Info: TotalIRLen = 9, IRPrint = 0x0011
* JLink Info: TotalIRLen = 9, IRPrint = 0x0011
* JLink Info: Found Cortex-M3 r1p1, Little endian.
* JLink Info: FPUnit: 6 code (BP) slots and 2 literal slots
* JLink Info: TPIU fitted.
ROMTableAddr = 0xE00FF003
 
Target info:
------------
Device: STM32F103RC
VTarget = 3.280V
State of Pins: 
TCK: 1, TDI: 0, TDO: 0, TMS: 0, TRES: 1, TRST: 1
Hardware-Breakpoints: 6
Software-Breakpoints: 8192
Watchpoints:          4
JTAG speed: 2000 kHz
 
Erase Done.
Programming Done.
Verify OK.
Build target 'Debug'
compiling stm32gps_config.c...
linking...
Program Size: Code=8068 RO-data=408 RW-data=100 ZI-data=3156  
".\STM32GPS\stm32gps.axf" - 0 Error(s), 0 Warning(s).
Build target 'Debug'
linking...
Program Size: Code=8068 RO-data=408 RW-data=100 ZI-data=3156  
".\STM32GPS\stm32gps.axf" - 0 Error(s), 0 Warning(s).
Load "D:\\GitHub\\stm32gps\\Project\\stm32gps\\MDK-ARM\\STM32GPS\\stm32gps.AXF" 
* JLink Info: Device "STM32F103RC" selected (256 KB flash, 48 KB RAM).
Set JLink Project File to "D:\GitHub\stm32gps\Project\stm32gps\MDK-ARM\JLinkSettings.ini"
 
JLink info:
------------
DLL: V4.90d, compiled Aug 29 2014 14:49:16
Firmware: J-Link ARM V8 compiled Jul 17 2014 12:31:18
Hardware: V8.00
S/N : 304230680 
Feature(s) : RDI,FlashDL,FlashBP,JFlash,GDBFULL 
 
* JLink Info: TotalIRLen = 9, IRPrint = 0x0011
* JLink Info: TotalIRLen = 9, IRPrint = 0x0011
* JLink Info: Found Cortex-M3 r1p1, Little endian.
* JLink Info: FPUnit: 6 code (BP) slots and 2 literal slots
* JLink Info: TPIU fitted.
ROMTableAddr = 0xE00FF003
 
Target info:
------------
Device: STM32F103RC
VTarget = 3.274V
State of Pins: 
TCK: 1, TDI: 0, TDO: 0, TMS: 0, TRES: 1, TRST: 1
Hardware-Breakpoints: 6
Software-Breakpoints: 8192
Watchpoints:          4
JTAG speed: 2000 kHz
 
Erase Done.
Programming Done.
Verify OK.
Build target 'Debug'
compiling stm32f10x_it.c...
linking...
Program Size: Code=8060 RO-data=408 RW-data=100 ZI-data=3156  
".\STM32GPS\stm32gps.axf" - 0 Error(s), 0 Warning(s).
Load "D:\\GitHub\\stm32gps\\Project\\stm32gps\\MDK-ARM\\STM32GPS\\stm32gps.AXF" 
* JLink Info: Device "STM32F103RC" selected (256 KB flash, 48 KB RAM).
Set JLink Project File to "D:\GitHub\stm32gps\Project\stm32gps\MDK-ARM\JLinkSettings.ini"
 
JLink info:
------------
DLL: V4.90d, compiled Aug 29 2014 14:49:16
Firmware: J-Link ARM V8 compiled Jul 17 2014 12:31:18
Hardware: V8.00
S/N : 304230680 
Feature(s) : RDI,FlashDL,FlashBP,JFlash,GDBFULL 
 
* JLink Info: TotalIRLen = 9, IRPrint = 0x0011
* JLink Info: TotalIRLen = 9, IRPrint = 0x0011
* JLink Info: Found Cortex-M3 r1p1, Little endian.
* JLink Info: FPUnit: 6 code (BP) slots and 2 literal slots
* JLink Info: TPIU fitted.
ROMTableAddr = 0xE00FF003
 
Target info:
------------
Device: STM32F103RC
VTarget = 3.274V
State of Pins: 
TCK: 1, TDI: 0, TDO: 0, TMS: 0, TRES: 1, TRST: 1
Hardware-Breakpoints: 6
Software-Breakpoints: 8192
Watchpoints:          4
JTAG speed: 2000 kHz
 
Erase Done.
Programming Done.
Verify OK.
Build target 'Debug'
compiling main.c...
compiling stm32f10x_it.c...
linking...
Program Size: Code=8136 RO-data=408 RW-data=100 ZI-data=3156  
".\STM32GPS\stm32gps.axf" - 0 Error(s), 0 Warning(s).
Build target 'Debug'
linking...
Program Size: Code=8136 RO-data=408 RW-data=100 ZI-data=3156  
".\STM32GPS\stm32gps.axf" - 0 Error(s), 0 Warning(s).
Load "D:\\GitHub\\stm32gps\\Project\\stm32gps\\MDK-ARM\\STM32GPS\\stm32gps.AXF" 
* JLink Info: Device "STM32F103RC" selected (256 KB flash, 48 KB RAM).
Set JLink Project File to "D:\GitHub\stm32gps\Project\stm32gps\MDK-ARM\JLinkSettings.ini"
 
JLink info:
------------
DLL: V4.90d, compiled Aug 29 2014 14:49:16
Firmware: J-Link ARM V8 compiled Jul 17 2014 12:31:18
Hardware: V8.00
S/N : 304230680 
Feature(s) : RDI,FlashDL,FlashBP,JFlash,GDBFULL 
 
* JLink Info: TotalIRLen = 9, IRPrint = 0x0011
* JLink Info: TotalIRLen = 9, IRPrint = 0x0011
* JLink Info: Found Cortex-M3 r1p1, Little endian.
* JLink Info: FPUnit: 6 code (BP) slots and 2 literal slots
* JLink Info: TPIU fitted.
ROMTableAddr = 0xE00FF003
 
Target info:
------------
Device: STM32F103RC
VTarget = 3.280V
State of Pins: 
TCK: 1, TDI: 0, TDO: 0, TMS: 0, TRES: 1, TRST: 1
Hardware-Breakpoints: 6
Software-Breakpoints: 8192
Watchpoints:          4
JTAG speed: 2000 kHz
 
Erase Done.
Programming Done.
Verify OK.
Build target 'Debug'
compiling main.c...
linking...
Program Size: Code=8136 RO-data=408 RW-data=100 ZI-data=3156  
".\STM32GPS\stm32gps.axf" - 0 Error(s), 0 Warning(s).
Load "D:\\GitHub\\stm32gps\\Project\\stm32gps\\MDK-ARM\\STM32GPS\\stm32gps.AXF" 
* JLink Info: Device "STM32F103RC" selected (256 KB flash, 48 KB RAM).
Set JLink Project File to "D:\GitHub\stm32gps\Project\stm32gps\MDK-ARM\JLinkSettings.ini"
 
JLink info:
------------
DLL: V4.90d, compiled Aug 29 2014 14:49:16
Firmware: J-Link ARM V8 compiled Jul 17 2014 12:31:18
Hardware: V8.00
S/N : 304230680 
Feature(s) : RDI,FlashDL,FlashBP,JFlash,GDBFULL 
 
* JLink Info: TotalIRLen = 9, IRPrint = 0x0011
* JLink Info: TotalIRLen = 9, IRPrint = 0x0011
* JLink Info: Found Cortex-M3 r1p1, Little endian.
* JLink Info: FPUnit: 6 code (BP) slots and 2 literal slots
* JLink Info: TPIU fitted.
ROMTableAddr = 0xE00FF003
 
Target info:
------------
Device: STM32F103RC
VTarget = 3.274V
State of Pins: 
TCK: 1, TDI: 0, TDO: 0, TMS: 0, TRES: 1, TRST: 1
Hardware-Breakpoints: 6
Software-Breakpoints: 8192
Watchpoints:          4
JTAG speed: 2000 kHz
 
Erase Done.
Programming Done.
Verify OK.
Build target 'Debug'
compiling stm32gps_config.c...
linking...
Program Size: Code=8180 RO-data=408 RW-data=100 ZI-data=3156  
".\STM32GPS\stm32gps.axf" - 0 Error(s), 0 Warning(s).
Load "D:\\GitHub\\stm32gps\\Project\\stm32gps\\MDK-ARM\\STM32GPS\\stm32gps.AXF" 
* JLink Info: Device "STM32F103RC" selected (256 KB flash, 48 KB RAM).
Set JLink Project File to "D:\GitHub\stm32gps\Project\stm32gps\MDK-ARM\JLinkSettings.ini"
 
JLink info:
------------
DLL: V4.90d, compiled Aug 29 2014 14:49:16
Firmware: J-Link ARM V8 compiled Jul 17 2014 12:31:18
Hardware: V8.00
S/N : 304230680 
Feature(s) : RDI,FlashDL,FlashBP,JFlash,GDBFULL 
 
* JLink Info: TotalIRLen = 9, IRPrint = 0x0011
* JLink Info: TotalIRLen = 9, IRPrint = 0x0011
* JLink Info: Found Cortex-M3 r1p1, Little endian.
* JLink Info: FPUnit: 6 code (BP) slots and 2 literal slots
* JLink Info: TPIU fitted.
ROMTableAddr = 0xE00FF003
 
Target info:
------------
Device: STM32F103RC
VTarget = 3.280V
State of Pins: 
TCK: 1, TDI: 0, TDO: 0, TMS: 0, TRES: 1, TRST: 1
Hardware-Breakpoints: 6
Software-Breakpoints: 8192
Watchpoints:          4
JTAG speed: 2000 kHz
 
Erase Done.
Programming Done.
Verify OK.
Build target 'Debug'
compiling main.c...
compiling stm32gps_config.c...
linking...
Program Size: Code=8152 RO-data=408 RW-data=100 ZI-data=3156  
".\STM32GPS\stm32gps.axf" - 0 Error(s), 0 Warning(s).
Load "D:\\GitHub\\stm32gps\\Project\\stm32gps\\MDK-ARM\\STM32GPS\\stm32gps.AXF" 
* JLink Info: Device "STM32F103RC" selected (256 KB flash, 48 KB RAM).
Set JLink Project File to "D:\GitHub\stm32gps\Project\stm32gps\MDK-ARM\JLinkSettings.ini"
 
JLink info:
------------
DLL: V4.90d, compiled Aug 29 2014 14:49:16
Firmware: J-Link ARM V8 compiled Jul 17 2014 12:31:18
Hardware: V8.00
S/N : 304230680 
Feature(s) : RDI,FlashDL,FlashBP,JFlash,GDBFULL 
 
* JLink Info: TotalIRLen = 9, IRPrint = 0x0011
* JLink Info: TotalIRLen = 9, IRPrint = 0x0011
* JLink Info: Found Cortex-M3 r1p1, Little endian.
* JLink Info: FPUnit: 6 code (BP) slots and 2 literal slots
* JLink Info: TPIU fitted.
ROMTableAddr = 0xE00FF003
 
Target info:
------------
Device: STM32F103RC
VTarget = 3.280V
State of Pins: 
TCK: 1, TDI: 0, TDO: 0, TMS: 0, TRES: 1, TRST: 1
Hardware-Breakpoints: 6
Software-Breakpoints: 8192
Watchpoints:          4
JTAG speed: 2000 kHz
 
Erase Done.
Programming Done.
Verify OK.
Build target 'Debug'
compiling main.c...
compiling stm32gps_config.c...
linking...
Program Size: Code=8180 RO-data=408 RW-data=100 ZI-data=3156  
".\STM32GPS\stm32gps.axf" - 0 Error(s), 0 Warning(s).
Build target 'Debug'
compiling main.c...
linking...
Program Size: Code=8184 RO-data=408 RW-data=100 ZI-data=3156  
".\STM32GPS\stm32gps.axf" - 0 Error(s), 0 Warning(s).
Load "D:\\GitHub\\stm32gps\\Project\\stm32gps\\MDK-ARM\\STM32GPS\\stm32gps.AXF" 
* JLink Info: Device "STM32F103RC" selected (256 KB flash, 48 KB RAM).
Set JLink Project File to "D:\GitHub\stm32gps\Project\stm32gps\MDK-ARM\JLinkSettings.ini"
 
JLink info:
------------
DLL: V4.90d, compiled Aug 29 2014 14:49:16
Firmware: J-Link ARM V8 compiled Jul 17 2014 12:31:18
Hardware: V8.00
S/N : 304230680 
Feature(s) : RDI,FlashDL,FlashBP,JFlash,GDBFULL 
 
* JLink Info: TotalIRLen = 9, IRPrint = 0x0011
* JLink Info: TotalIRLen = 9, IRPrint = 0x0011
* JLink Info: Found Cortex-M3 r1p1, Little endian.
* JLink Info: FPUnit: 6 code (BP) slots and 2 literal slots
* JLink Info: TPIU fitted.
ROMTableAddr = 0xE00FF003
 
Target info:
------------
Device: STM32F103RC
VTarget = 3.280V
State of Pins: 
TCK: 1, TDI: 0, TDO: 0, TMS: 0, TRES: 1, TRST: 1
Hardware-Breakpoints: 6
Software-Breakpoints: 8192
Watchpoints:          4
JTAG speed: 2000 kHz
 
Erase Done.
Programming Done.
Verify OK.
Build target 'Debug'
compiling main.c...
linking...
Program Size: Code=8192 RO-data=408 RW-data=100 ZI-data=3156  
".\STM32GPS\stm32gps.axf" - 0 Error(s), 0 Warning(s).
Load "D:\\GitHub\\stm32gps\\Project\\stm32gps\\MDK-ARM\\STM32GPS\\stm32gps.AXF" 
* JLink Info: Device "STM32F103RC" selected (256 KB flash, 48 KB RAM).
Set JLink Project File to "D:\GitHub\stm32gps\Project\stm32gps\MDK-ARM\JLinkSettings.ini"
 
JLink info:
------------
DLL: V4.90d, compiled Aug 29 2014 14:49:16
Firmware: J-Link ARM V8 compiled Jul 17 2014 12:31:18
Hardware: V8.00
S/N : 304230680 
Feature(s) : RDI,FlashDL,FlashBP,JFlash,GDBFULL 
 
* JLink Info: TotalIRLen = ?, IRPrint = 0x..000000000000000000000000
* JLink Info: STM32Fxxxx: Cannot attach to CPU. Trying connect under reset.
* JLink Info: TotalIRLen = 9, IRPrint = 0x0011
* JLink Info: TotalIRLen = 9, IRPrint = 0x0011
* JLink Info: Found Cortex-M3 r1p1, Little endian.
* JLink Info: FPUnit: 6 code (BP) slots and 2 literal slots
* JLink Info: TPIU fitted.
ROMTableAddr = 0xE00FF003
 
Target info:
------------
Device: STM32F103RC
VTarget = 3.274V
State of Pins: 
TCK: 1, TDI: 0, TDO: 0, TMS: 0, TRES: 1, TRST: 1
Hardware-Breakpoints: 6
Software-Breakpoints: 8192
Watchpoints:          4
JTAG speed: 2000 kHz
 
Erase Done.
Programming Done.
Verify OK.
Build target 'Debug'
compiling main.c...
compiling stm32f10x_it.c...
..\stm32f10x_it.c(178): warning:  #223-D: function "printf" declared implicitly
linking...
Program Size: Code=9136 RO-data=408 RW-data=104 ZI-data=3152  
".\STM32GPS\stm32gps.axf" - 0 Error(s), 1 Warning(s).
Build target 'Debug'
linking...
Program Size: Code=9136 RO-data=408 RW-data=104 ZI-data=3152  
".\STM32GPS\stm32gps.axf" - 0 Error(s), 0 Warning(s).
Load "D:\\GitHub\\stm32gps\\Project\\stm32gps\\MDK-ARM\\STM32GPS\\stm32gps.AXF" 
* JLink Info: Device "STM32F103RC" selected (256 KB flash, 48 KB RAM).
Set JLink Project File to "D:\GitHub\stm32gps\Project\stm32gps\MDK-ARM\JLinkSettings.ini"
 
JLink info:
------------
DLL: V4.90d, compiled Aug 29 2014 14:49:16
Firmware: J-Link ARM V8 compiled Jul 17 2014 12:31:18
Hardware: V8.00
S/N : 304230680 
Feature(s) : RDI,FlashDL,FlashBP,JFlash,GDBFULL 
 
* JLink Info: TotalIRLen = ?, IRPrint = 0x..000000000000000000000000
* JLink Info: STM32Fxxxx: Cannot attach to CPU. Trying connect under reset.
* JLink Info: TotalIRLen = 9, IRPrint = 0x0011
* JLink Info: TotalIRLen = 9, IRPrint = 0x0011
* JLink Info: Found Cortex-M3 r1p1, Little endian.
* JLink Info: FPUnit: 6 code (BP) slots and 2 literal slots
* JLink Info: TPIU fitted.
ROMTableAddr = 0xE00FF003
 
Target info:
------------
Device: STM32F103RC
VTarget = 3.274V
State of Pins: 
TCK: 1, TDI: 0, TDO: 0, TMS: 0, TRES: 1, TRST: 1
Hardware-Breakpoints: 6
Software-Breakpoints: 8192
Watchpoints:          4
JTAG speed: 2000 kHz
 
Erase Done.
Programming Done.
Verify OK.
Build target 'Debug'
compiling main.c...
compiling stm32f10x_it.c...
..\stm32f10x_it.c(178): warning:  #223-D: function "printf" declared implicitly
linking...
Program Size: Code=9144 RO-data=408 RW-data=104 ZI-data=3152  
".\STM32GPS\stm32gps.axf" - 0 Error(s), 1 Warning(s).
Load "D:\\GitHub\\stm32gps\\Project\\stm32gps\\MDK-ARM\\STM32GPS\\stm32gps.AXF" 
* JLink Info: Device "STM32F103RC" selected (256 KB flash, 48 KB RAM).
Set JLink Project File to "D:\GitHub\stm32gps\Project\stm32gps\MDK-ARM\JLinkSettings.ini"
 
JLink info:
------------
DLL: V4.90d, compiled Aug 29 2014 14:49:16
Firmware: J-Link ARM V8 compiled Jul 17 2014 12:31:18
Hardware: V8.00
S/N : 304230680 
Feature(s) : RDI,FlashDL,FlashBP,JFlash,GDBFULL 
 
* JLink Info: TotalIRLen = 9, IRPrint = 0x0011
* JLink Info: TotalIRLen = 9, IRPrint = 0x0011
* JLink Info: Found Cortex-M3 r1p1, Little endian.
* JLink Info: FPUnit: 6 code (BP) slots and 2 literal slots
* JLink Info: TPIU fitted.
ROMTableAddr = 0xE00FF003
 
Target info:
------------
Device: STM32F103RC
VTarget = 3.280V
State of Pins: 
TCK: 1, TDI: 0, TDO: 0, TMS: 0, TRES: 1, TRST: 1
Hardware-Breakpoints: 6
Software-Breakpoints: 8192
Watchpoints:          4
JTAG speed: 2000 kHz
 
Erase Done.
Programming Done.
Verify OK.
Clean started: Project: 'stm32gps'
   deleting intermediate output files for target 'Debug'
   deleting intermediate output files for target 'Release'
