<html>
<body>
<pre>
<h1>µVision Build Log</h1>
<h2>Project:</h2>
D:\GitHub\stm32gps\Project\stm32gps\MDK-ARM\stm32gps.uvproj
Project File Date:  11/11/2014

<h2>Output:</h2>
Build target 'Debug'
compiling main.c...
..\main.c(166): warning:  #223-D: function "GPSPowerOn" declared implicitly
..\main.c(167): warning:  #223-D: function "GSM_PowerOn" declared implicitly
..\main.c(254): warning:  #223-D: function "GSM_BringUpConnect" declared implicitly
..\main.c(258): warning:  #223-D: function "GSM_StartUpConnect" declared implicitly
..\main.c(155): warning:  #177-D: variable "i" was declared but never referenced
compiling stm32f10x_it.c...
compiling stm32gps_config.c...
compiling gpio.c...
compiling misc.c...
compiling stm32f10x_bkp.c...
compiling stm32f10x_exti.c...
compiling stm32f10x_flash.c...
compiling stm32f10x_fsmc.c...
compiling stm32f10x_gpio.c...
compiling stm32f10x_iwdg.c...
compiling stm32f10x_pwr.c...
compiling stm32f10x_rcc.c...
compiling stm32f10x_rtc.c...
compiling stm32f10x_sdio.c...
compiling stm32f10x_spi.c...
compiling stm32f10x_tim.c...
compiling stm32f10x_usart.c...
compiling stm32f10x_wwdg.c...
compiling core_cm3.c...
compiling system_stm32f10x.c...
compiling stm32gps_board.c...
..\..\..\Utilities\STM32_GPS\STM32_GPS_BOARD_VA/stm32_gps_board.c(208): warning:  #550-D: variable "data" was set but never used
assembling startup_stm32f10x_hd.s...
compiling usart.c...
compiling GPS_App.c...
..\..\..\Utilities\SIM28M\GPS_App.c(75): warning:  #550-D: variable "valid" was set but never used
..\..\..\Utilities\SIM28M\GPS_App.c(307): warning:  #177-D: variable "valid" was declared but never referenced
compiling GSM_App.c...
..\..\..\Utilities\SIM800L\GSM_App.c(716): warning:  #40-D: expected an identifier
..\..\..\Utilities\SIM800L\GSM_App.c(710): warning:  #177-D: variable "pcmdbuf" was declared but never referenced
..\..\..\Utilities\SIM800L\GSM_App.c(1104): warning:  #550-D: variable "cmdLen" was set but never used
..\..\..\Utilities\SIM800L\GSM_App.c(1525): warning:  #177-D: variable "tmpStart" was declared but never referenced
..\..\..\Utilities\SIM800L\GSM_App.c(1964): warning:  #167-D: argument of type "unsigned char *" is incompatible with parameter of type "char *restrict"
linking...
Program Size: Code=27780 RO-data=1208 RW-data=340 ZI-data=8644  
".\STM32GPS\stm32gps.axf" - 0 Error(s), 13 Warning(s).
Build target 'Debug'
compiling main.c...
..\main.c(166): warning:  #223-D: function "GPSPowerOn" declared implicitly
compiling GPS_App.c...
..\..\..\Utilities\SIM28M\GPS_App.c(75): warning:  #550-D: variable "valid" was set but never used
..\..\..\Utilities\SIM28M\GPS_App.c(307): warning:  #177-D: variable "valid" was declared but never referenced
compiling GSM_App.c...
..\..\..\Utilities\SIM800L\GSM_App.c(716): warning:  #40-D: expected an identifier
..\..\..\Utilities\SIM800L\GSM_App.c(710): warning:  #177-D: variable "pcmdbuf" was declared but never referenced
..\..\..\Utilities\SIM800L\GSM_App.c(1109): error:  #20: identifier "cmdLen" is undefined
..\..\..\Utilities\SIM800L\GSM_App.c(1524): warning:  #177-D: variable "tmpStart" was declared but never referenced
..\..\..\Utilities\SIM800L\GSM_App.c(1963): warning:  #167-D: argument of type "unsigned char *" is incompatible with parameter of type "char *restrict"
Target not created
Build target 'Debug'
compiling main.c...
..\main.c(166): warning:  #223-D: function "GPSPowerOn" declared implicitly
compiling stm32f10x_it.c...
..\stm32f10x_it.c(227): warning:  #223-D: function "printf" declared implicitly
..\stm32f10x_it.c(228): warning:  #40-D: expected an identifier
compiling stm32gps_config.c...
compiling usart.c...
compiling GPS_App.c...
..\..\..\Utilities\SIM28M\GPS_App.c(75): warning:  #550-D: variable "valid" was set but never used
..\..\..\Utilities\SIM28M\GPS_App.c(307): warning:  #177-D: variable "valid" was declared but never referenced
compiling GSM_App.c...
..\..\..\Utilities\SIM800L\GSM_App.c(716): warning:  #40-D: expected an identifier
..\..\..\Utilities\SIM800L\GSM_App.c(710): warning:  #177-D: variable "pcmdbuf" was declared but never referenced
..\..\..\Utilities\SIM800L\GSM_App.c(1109): error:  #20: identifier "cmdLen" is undefined
..\..\..\Utilities\SIM800L\GSM_App.c(1524): warning:  #177-D: variable "tmpStart" was declared but never referenced
..\..\..\Utilities\SIM800L\GSM_App.c(1963): warning:  #167-D: argument of type "unsigned char *" is incompatible with parameter of type "char *restrict"
Target not created
Build target 'Debug'
compiling GSM_App.c...
..\..\..\Utilities\SIM800L\GSM_App.c(716): warning:  #40-D: expected an identifier
..\..\..\Utilities\SIM800L\GSM_App.c(710): warning:  #177-D: variable "pcmdbuf" was declared but never referenced
..\..\..\Utilities\SIM800L\GSM_App.c(1524): warning:  #177-D: variable "tmpStart" was declared but never referenced
..\..\..\Utilities\SIM800L\GSM_App.c(1963): warning:  #167-D: argument of type "unsigned char *" is incompatible with parameter of type "char *restrict"
linking...
Program Size: Code=27808 RO-data=1208 RW-data=340 ZI-data=8644  
".\STM32GPS\stm32gps.axf" - 0 Error(s), 4 Warning(s).
Load "D:\\GitHub\\stm32gps\\Project\\stm32gps\\MDK-ARM\\STM32GPS\\stm32gps.AXF" 
Load "D:\\GitHub\\stm32gps\\Project\\stm32gps\\MDK-ARM\\STM32GPS\\stm32gps.AXF" 
* JLink Info: Device "STM32F103RC" selected (256 KB flash, 48 KB RAM).
Set JLink Project File to "D:\GitHub\stm32gps\Project\stm32gps\MDK-ARM\JLinkSettings.ini"
 
JLink info:
------------
DLL: V4.90d, compiled Aug 29 2014 14:49:16
Firmware: J-Link ARM V8 compiled Jul 17 2014 12:31:18
Hardware: V8.00
S/N : 17935099 
Feature(s) : RDI,FlashDL,FlashBP,JFlash 
 
* JLink Info: Found SWD-DP with ID 0x1BA01477
* JLink Info: Found SWD-DP with ID 0x1BA01477
* JLink Info: Found Cortex-M3 r1p1, Little endian.
* JLink Info: FPUnit: 6 code (BP) slots and 2 literal slots
* JLink Info: TPIU fitted.
* JLink Info: ETM fitted.
ROMTableAddr = 0xE00FF003
 
Target info:
------------
Device: STM32F103RC
VTarget = 3.267V
State of Pins: 
TCK: 0, TDI: 0, TDO: 0, TMS: 1, TRES: 1, TRST: 1
Hardware-Breakpoints: 6
Software-Breakpoints: 8192
Watchpoints:          4
JTAG speed: 2000 kHz
 
Erase Done.
Programming Done.
Verify OK.
Build target 'Debug'
compiling main.c...
..\main.c(166): warning:  #223-D: function "GPSPowerOn" declared implicitly
compiling GPS_App.c...
..\..\..\Utilities\SIM28M\GPS_App.c(75): warning:  #550-D: variable "valid" was set but never used
..\..\..\Utilities\SIM28M\GPS_App.c(307): warning:  #177-D: variable "valid" was declared but never referenced
compiling GSM_App.c...
..\..\..\Utilities\SIM800L\GSM_App.c(716): warning:  #40-D: expected an identifier
..\..\..\Utilities\SIM800L\GSM_App.c(710): warning:  #177-D: variable "pcmdbuf" was declared but never referenced
..\..\..\Utilities\SIM800L\GSM_App.c(1543): warning:  #177-D: variable "tmpStart" was declared but never referenced
..\..\..\Utilities\SIM800L\GSM_App.c(1982): warning:  #167-D: argument of type "unsigned char *" is incompatible with parameter of type "char *restrict"
linking...
Program Size: Code=27832 RO-data=1208 RW-data=340 ZI-data=8644  
".\STM32GPS\stm32gps.axf" - 0 Error(s), 7 Warning(s).
Build target 'Debug'
compiling main.c...
compiling stm32f10x_it.c...
..\stm32f10x_it.c(229): warning:  #223-D: function "printf" declared implicitly
..\stm32f10x_it.c(230): warning:  #40-D: expected an identifier
compiling GPS_App.c...
..\..\..\Utilities\SIM28M\GPS_App.c(75): warning:  #550-D: variable "valid" was set but never used
..\..\..\Utilities\SIM28M\GPS_App.c(307): warning:  #177-D: variable "valid" was declared but never referenced
linking...
Program Size: Code=27824 RO-data=1208 RW-data=340 ZI-data=8644  
".\STM32GPS\stm32gps.axf" - 0 Error(s), 4 Warning(s).
Load "D:\\GitHub\\stm32gps\\Project\\stm32gps\\MDK-ARM\\STM32GPS\\stm32gps.AXF" 
* JLink Info: Device "STM32F103RC" selected (256 KB flash, 48 KB RAM).
Set JLink Project File to "D:\GitHub\stm32gps\Project\stm32gps\MDK-ARM\JLinkSettings.ini"
 
JLink info:
------------
DLL: V4.90d, compiled Aug 29 2014 14:49:16
Firmware: J-Link ARM V8 compiled Jul 17 2014 12:31:18
Hardware: V8.00
S/N : 17935099 
Feature(s) : RDI,FlashDL,FlashBP,JFlash 
 
* JLink Info: Found SWD-DP with ID 0x1BA01477
* JLink Info: Found SWD-DP with ID 0x1BA01477
* JLink Info: Found Cortex-M3 r1p1, Little endian.
* JLink Info: FPUnit: 6 code (BP) slots and 2 literal slots
* JLink Info: TPIU fitted.
* JLink Info: ETM fitted.
ROMTableAddr = 0xE00FF003
 
Target info:
------------
Device: STM32F103RC
VTarget = 3.267V
State of Pins: 
TCK: 0, TDI: 0, TDO: 0, TMS: 1, TRES: 1, TRST: 0
Hardware-Breakpoints: 6
Software-Breakpoints: 8192
Watchpoints:          4
JTAG speed: 2000 kHz
 
Erase Done.
Programming Done.
Verify OK.
Build target 'Debug'
compiling stm32f10x_it.c...
..\stm32f10x_it.c(229): warning:  #223-D: function "printf" declared implicitly
..\stm32f10x_it.c(230): warning:  #40-D: expected an identifier
linking...
Program Size: Code=27832 RO-data=1208 RW-data=340 ZI-data=8644  
".\STM32GPS\stm32gps.axf" - 0 Error(s), 2 Warning(s).
Load "D:\\GitHub\\stm32gps\\Project\\stm32gps\\MDK-ARM\\STM32GPS\\stm32gps.AXF" 
* JLink Info: Device "STM32F103RC" selected (256 KB flash, 48 KB RAM).
Set JLink Project File to "D:\GitHub\stm32gps\Project\stm32gps\MDK-ARM\JLinkSettings.ini"
 
JLink info:
------------
DLL: V4.90d, compiled Aug 29 2014 14:49:16
Firmware: J-Link ARM V8 compiled Jul 17 2014 12:31:18
Hardware: V8.00
S/N : 17935099 
Feature(s) : RDI,FlashDL,FlashBP,JFlash 
 
* JLink Info: Found SWD-DP with ID 0x1BA01477
* JLink Info: Found SWD-DP with ID 0x1BA01477
* JLink Info: Found Cortex-M3 r1p1, Little endian.
* JLink Info: FPUnit: 6 code (BP) slots and 2 literal slots
* JLink Info: TPIU fitted.
* JLink Info: ETM fitted.
ROMTableAddr = 0xE00FF003
 
Target info:
------------
Device: STM32F103RC
VTarget = 3.267V
State of Pins: 
TCK: 0, TDI: 0, TDO: 0, TMS: 1, TRES: 1, TRST: 0
Hardware-Breakpoints: 6
Software-Breakpoints: 8192
Watchpoints:          4
JTAG speed: 2000 kHz
 
Erase Done.
Programming Done.
Verify OK.
Build target 'Debug'
compiling main.c...
compiling gpio.c...
compiling stm32gps_board.c...
..\..\..\Utilities\STM32_GPS\STM32_GPS_BOARD_VA/stm32_gps_board.c(209): warning:  #550-D: variable "data" was set but never used
linking...
Program Size: Code=27844 RO-data=1208 RW-data=340 ZI-data=8644  
".\STM32GPS\stm32gps.axf" - 0 Error(s), 1 Warning(s).
Build target 'Debug'
compiling main.c...
..\main.c(156): warning:  #177-D: variable "rmc" was declared but never referenced
..\main.c(157): warning:  #177-D: variable "errNum" was declared but never referenced
linking...
Program Size: Code=14768 RO-data=408 RW-data=124 ZI-data=3380  
".\STM32GPS\stm32gps.axf" - 0 Error(s), 2 Warning(s).
Load "D:\\GitHub\\stm32gps\\Project\\stm32gps\\MDK-ARM\\STM32GPS\\stm32gps.AXF" 
* JLink Info: Device "STM32F103RC" selected (256 KB flash, 48 KB RAM).
Set JLink Project File to "D:\GitHub\stm32gps\Project\stm32gps\MDK-ARM\JLinkSettings.ini"
 
JLink info:
------------
DLL: V4.90d, compiled Aug 29 2014 14:49:16
Firmware: J-Link ARM V8 compiled Jul 17 2014 12:31:18
Hardware: V8.00
S/N : 17935099 
Feature(s) : RDI,FlashDL,FlashBP,JFlash 
 
Load "D:\\GitHub\\stm32gps\\Project\\stm32gps\\MDK-ARM\\STM32GPS\\stm32gps.AXF" 
* JLink Info: Device "STM32F103RC" selected (256 KB flash, 48 KB RAM).
Set JLink Project File to "D:\GitHub\stm32gps\Project\stm32gps\MDK-ARM\JLinkSettings.ini"
 
JLink info:
------------
DLL: V4.90d, compiled Aug 29 2014 14:49:16
Firmware: J-Link ARM V8 compiled Jul 17 2014 12:31:18
Hardware: V8.00
S/N : 17935099 
Feature(s) : RDI,FlashDL,FlashBP,JFlash 
 
* JLink Info: Found SWD-DP with ID 0x1BA01477
* JLink Info: Found SWD-DP with ID 0x1BA01477
* JLink Info: Found Cortex-M3 r1p1, Little endian.
* JLink Info: FPUnit: 6 code (BP) slots and 2 literal slots
* JLink Info: TPIU fitted.
* JLink Info: ETM fitted.
ROMTableAddr = 0xE00FF003
 
Target info:
------------
Device: STM32F103RC
VTarget = 3.267V
State of Pins: 
TCK: 0, TDI: 0, TDO: 0, TMS: 1, TRES: 1, TRST: 1
Hardware-Breakpoints: 6
Software-Breakpoints: 8192
Watchpoints:          4
JTAG speed: 2000 kHz
 
Erase Done.
Programming Done.
Verify OK.
Build target 'Debug'
compiling main.c...
..\main.c(156): warning:  #177-D: variable "rmc" was declared but never referenced
..\main.c(157): warning:  #177-D: variable "errNum" was declared but never referenced
linking...
Program Size: Code=14764 RO-data=408 RW-data=124 ZI-data=3380  
".\STM32GPS\stm32gps.axf" - 0 Error(s), 2 Warning(s).
Load "D:\\GitHub\\stm32gps\\Project\\stm32gps\\MDK-ARM\\STM32GPS\\stm32gps.AXF" 
* JLink Info: Device "STM32F103RC" selected (256 KB flash, 48 KB RAM).
Set JLink Project File to "D:\GitHub\stm32gps\Project\stm32gps\MDK-ARM\JLinkSettings.ini"
 
JLink info:
------------
DLL: V4.90d, compiled Aug 29 2014 14:49:16
Firmware: J-Link ARM V8 compiled Jul 17 2014 12:31:18
Hardware: V8.00
S/N : 17935099 
Feature(s) : RDI,FlashDL,FlashBP,JFlash 
 
* JLink Info: Found SWD-DP with ID 0x1BA01477
* JLink Info: Found SWD-DP with ID 0x1BA01477
* JLink Info: Found Cortex-M3 r1p1, Little endian.
* JLink Info: FPUnit: 6 code (BP) slots and 2 literal slots
* JLink Info: TPIU fitted.
* JLink Info: ETM fitted.
ROMTableAddr = 0xE00FF003
 
Target info:
------------
Device: STM32F103RC
VTarget = 3.267V
State of Pins: 
TCK: 0, TDI: 0, TDO: 0, TMS: 1, TRES: 1, TRST: 0
Hardware-Breakpoints: 6
Software-Breakpoints: 8192
Watchpoints:          4
JTAG speed: 2000 kHz
 
Erase Done.
Programming Done.
Verify OK.
Build target 'Debug'
compiling stm32gps_config.c...
linking...
Program Size: Code=14768 RO-data=408 RW-data=124 ZI-data=3380  
".\STM32GPS\stm32gps.axf" - 0 Error(s), 0 Warning(s).
Build target 'Debug'
linking...
Program Size: Code=14768 RO-data=408 RW-data=124 ZI-data=3380  
".\STM32GPS\stm32gps.axf" - 0 Error(s), 0 Warning(s).
Load "D:\\GitHub\\stm32gps\\Project\\stm32gps\\MDK-ARM\\STM32GPS\\stm32gps.AXF" 
* JLink Info: Device "STM32F103RC" selected (256 KB flash, 48 KB RAM).
Set JLink Project File to "D:\GitHub\stm32gps\Project\stm32gps\MDK-ARM\JLinkSettings.ini"
 
JLink info:
------------
DLL: V4.90d, compiled Aug 29 2014 14:49:16
Firmware: J-Link ARM V8 compiled Jul 17 2014 12:31:18
Hardware: V8.00
S/N : 17935099 
Feature(s) : RDI,FlashDL,FlashBP,JFlash 
 
* JLink Info: Found SWD-DP with ID 0x1BA01477
* JLink Info: Found SWD-DP with ID 0x1BA01477
* JLink Info: Found Cortex-M3 r1p1, Little endian.
* JLink Info: FPUnit: 6 code (BP) slots and 2 literal slots
* JLink Info: TPIU fitted.
* JLink Info: ETM fitted.
ROMTableAddr = 0xE00FF003
 
Target info:
------------
Device: STM32F103RC
VTarget = 3.267V
State of Pins: 
TCK: 0, TDI: 0, TDO: 0, TMS: 1, TRES: 1, TRST: 0
Hardware-Breakpoints: 6
Software-Breakpoints: 8192
Watchpoints:          4
JTAG speed: 2000 kHz
 
Erase Done.
Programming Done.
Verify OK.
Build target 'Debug'
compiling stm32gps_config.c...
linking...
Program Size: Code=14764 RO-data=408 RW-data=124 ZI-data=3380  
".\STM32GPS\stm32gps.axf" - 0 Error(s), 0 Warning(s).
Load "D:\\GitHub\\stm32gps\\Project\\stm32gps\\MDK-ARM\\STM32GPS\\stm32gps.AXF" 
* JLink Info: Device "STM32F103RC" selected (256 KB flash, 48 KB RAM).
Set JLink Project File to "D:\GitHub\stm32gps\Project\stm32gps\MDK-ARM\JLinkSettings.ini"
 
JLink info:
------------
DLL: V4.90d, compiled Aug 29 2014 14:49:16
Firmware: J-Link ARM V8 compiled Jul 17 2014 12:31:18
Hardware: V8.00
S/N : 17935099 
Feature(s) : RDI,FlashDL,FlashBP,JFlash 
 
* JLink Info: Found SWD-DP with ID 0x1BA01477
* JLink Info: Found SWD-DP with ID 0x1BA01477
* JLink Info: Found Cortex-M3 r1p1, Little endian.
* JLink Info: FPUnit: 6 code (BP) slots and 2 literal slots
* JLink Info: TPIU fitted.
* JLink Info: ETM fitted.
ROMTableAddr = 0xE00FF003
 
Target info:
------------
Device: STM32F103RC
VTarget = 3.267V
State of Pins: 
TCK: 0, TDI: 0, TDO: 0, TMS: 1, TRES: 1, TRST: 0
Hardware-Breakpoints: 6
Software-Breakpoints: 8192
Watchpoints:          4
JTAG speed: 2000 kHz
 
Erase Done.
Programming Done.
Verify OK.
Build target 'Debug'
compiling stm32gps_config.c...
linking...
Program Size: Code=14764 RO-data=408 RW-data=124 ZI-data=3380  
".\STM32GPS\stm32gps.axf" - 0 Error(s), 0 Warning(s).
Load "D:\\GitHub\\stm32gps\\Project\\stm32gps\\MDK-ARM\\STM32GPS\\stm32gps.AXF" 
* JLink Info: Device "STM32F103RC" selected (256 KB flash, 48 KB RAM).
Set JLink Project File to "D:\GitHub\stm32gps\Project\stm32gps\MDK-ARM\JLinkSettings.ini"
 
JLink info:
------------
DLL: V4.90d, compiled Aug 29 2014 14:49:16
Firmware: J-Link ARM V8 compiled Jul 17 2014 12:31:18
Hardware: V8.00
S/N : 17935099 
Feature(s) : RDI,FlashDL,FlashBP,JFlash 
 
* JLink Info: Found SWD-DP with ID 0x1BA01477
* JLink Info: Found SWD-DP with ID 0x1BA01477
* JLink Info: Found Cortex-M3 r1p1, Little endian.
* JLink Info: FPUnit: 6 code (BP) slots and 2 literal slots
* JLink Info: TPIU fitted.
* JLink Info: ETM fitted.
ROMTableAddr = 0xE00FF003
 
Target info:
------------
Device: STM32F103RC
VTarget = 3.267V
State of Pins: 
TCK: 0, TDI: 0, TDO: 0, TMS: 1, TRES: 1, TRST: 0
Hardware-Breakpoints: 6
Software-Breakpoints: 8192
Watchpoints:          4
JTAG speed: 2000 kHz
 
Erase Done.
Programming Done.
Verify OK.
Build target 'Debug'
compiling main.c...
compiling stm32f10x_it.c...
..\stm32f10x_it.c(229): warning:  #223-D: function "printf" declared implicitly
compiling stm32gps_config.c...
compiling usart.c...
compiling GPS_App.c...
..\..\..\Utilities\SIM28M\GPS_App.c(75): warning:  #550-D: variable "valid" was set but never used
..\..\..\Utilities\SIM28M\GPS_App.c(307): warning:  #177-D: variable "valid" was declared but never referenced
compiling GSM_App.c...
..\..\..\Utilities\SIM800L\GSM_App.c(716): warning:  #40-D: expected an identifier
..\..\..\Utilities\SIM800L\GSM_App.c(710): warning:  #177-D: variable "pcmdbuf" was declared but never referenced
..\..\..\Utilities\SIM800L\GSM_App.c(1543): warning:  #177-D: variable "tmpStart" was declared but never referenced
..\..\..\Utilities\SIM800L\GSM_App.c(1982): warning:  #167-D: argument of type "unsigned char *" is incompatible with parameter of type "char *restrict"
linking...
Program Size: Code=27840 RO-data=1208 RW-data=340 ZI-data=8644  
".\STM32GPS\stm32gps.axf" - 0 Error(s), 7 Warning(s).
Build target 'Debug'
linking...
Program Size: Code=27840 RO-data=1208 RW-data=340 ZI-data=8644  
".\STM32GPS\stm32gps.axf" - 0 Error(s), 0 Warning(s).
Load "D:\\GitHub\\stm32gps\\Project\\stm32gps\\MDK-ARM\\STM32GPS\\stm32gps.AXF" 
* JLink Info: Device "STM32F103RC" selected (256 KB flash, 48 KB RAM).
Set JLink Project File to "D:\GitHub\stm32gps\Project\stm32gps\MDK-ARM\JLinkSettings.ini"
 
JLink info:
------------
DLL: V4.90d, compiled Aug 29 2014 14:49:16
Firmware: J-Link ARM V8 compiled Jul 17 2014 12:31:18
Hardware: V8.00
S/N : 17935099 
Feature(s) : RDI,FlashDL,FlashBP,JFlash 
 
* JLink Info: Found SWD-DP with ID 0x1BA01477
* JLink Info: Found SWD-DP with ID 0x1BA01477
* JLink Info: Found Cortex-M3 r1p1, Little endian.
* JLink Info: FPUnit: 6 code (BP) slots and 2 literal slots
* JLink Info: TPIU fitted.
* JLink Info: ETM fitted.
ROMTableAddr = 0xE00FF003
 
Target info:
------------
Device: STM32F103RC
VTarget = 3.267V
State of Pins: 
TCK: 0, TDI: 0, TDO: 0, TMS: 1, TRES: 1, TRST: 0
Hardware-Breakpoints: 6
Software-Breakpoints: 8192
Watchpoints:          4
JTAG speed: 2000 kHz
 
Erase Done.
Programming Done.
Verify OK.
Clean started: Project: 'stm32gps'
   deleting intermediate output files for target 'Debug'
   deleting intermediate output files for target 'Release'
